stderr
------

stdout
------
hello world
goodbye world

status
------
0
