./undecorated-error.spec.bash: line 16: ten-four: command not found
Traceback (most recent call last):
  File "./undecorated-error.spec.bash", line 19
    alpha
  File "./undecorated-error.spec.bash", line 4, in alpha
    beta 
  File "./undecorated-error.spec.bash", line 8, in beta
    gamma
  File "./undecorated-error.spec.bash", line 12, in gamma
    delta
  File "./undecorated-error.spec.bash", line 16, in delta
    ten-four
UnknownStatus127Error: Command 'ten-four' failed with status 127.
