stderr:
Failed with exit status 1.

stdout:

status: 1
