stderr:
Failed with exit status 13.

stdout:

status: 13
