stderr:

stdout:
hello    
salut
goodbye    
goodbye    
goodbye
status: 0
