stderr:
Failed with exit status 69.

stdout:

status: 69
