stderr:
Failed with exit status 69.

stdout:
Oops, we gave the wrong type to gamma! (TypeError: got a cat when we expected a dog)
status: 69
