stderr:
ERROR: read from &10 failed after 0.100s
ERROR: read from &10 failed after 0.100s
ERROR: read from &10 failed after 0.100s
simple.spec.bash: line 35: sanity_check: unbound variable
simple.spec.bash: line 36: sanity_check.send: command not found
simple.spec.bash: line 37: sanity_check.try-recv: command not found
simple.spec.bash: line 38: sanity_check.drop: command not found

stdout:

status: 0
