stderr:

stdout:
enabled options (set & shopt):
braceexpand
cmdhist
compat42
complete_fullquote
errexit
errtrace
expand_aliases
extquote
force_fignore
functrace
globstar
hashall
hostcomplete
interactive-comments
interactive_comments
monitor
noclobber
nounset
nullglob
pipefail
progcomp
promptvars
status: 0
