stderr
------
cat: ./exceptions.bash: No such file or directory
undecorated-error.spec.bash: command substitution: line 128: syntax error near unexpected token `('
undecorated-error.spec.bash: command substitution: line 128: `In addition to defining the exception-style operations (described below), this'
undecorated-error.spec.bash: line 126: and: command not found
undecorated-error.spec.bash: command substitution: line 126: unexpected EOF while looking for matching `''
undecorated-error.spec.bash: command substitution: line 128: syntax error: unexpected end of file
undecorated-error.spec.bash: line 126: trap: display: invalid signal specification
undecorated-error.spec.bash: line 126: trap: stack: invalid signal specification
undecorated-error.spec.bash: line 126: trap: traces: invalid signal specification
undecorated-error.spec.bash: line 126: trap: for: invalid signal specification
undecorated-error.spec.bash: line 126: trap: uncaught: invalid signal specification
undecorated-error.spec.bash: line 126: trap: exceptions,: invalid signal specification
undecorated-error.spec.bash: command substitution: line 128: unexpected EOF while looking for matching `''
undecorated-error.spec.bash: command substitution: line 130: syntax error: unexpected end of file
undecorated-error.spec.bash: command substitution: line 126: unexpected EOF while looking for matching `''
undecorated-error.spec.bash: command substitution: line 127: syntax error: unexpected end of file
undecorated-error.spec.bash: line 126: -imported: command not found
undecorated-error.spec.bash: command substitution: line 127: syntax error near unexpected token `in'
undecorated-error.spec.bash: command substitution: line 127: `in the importing/top-level script.'
undecorated-error.spec.bash: line 126: blocks: command not found
find: ‘in’: No such file or directory
find: ‘languages’: No such file or directory
find: ‘like’: No such file or directory
find: ‘Java.’: No such file or directory
find: ‘Like’: No such file or directory
find: ‘in’: No such file or directory
find: ‘those’: No such file or directory
find: ‘languages,’: No such file or directory
find: ‘the’: No such file or directory
find: ‘try’: No such file or directory
find: ‘block’: No such file or directory
find: ‘is’: No such file or directory
find: ‘required,’: No such file or directory
undecorated-error.spec.bash: line 128: containing: command not found
undecorated-error.spec.bash: line 129: of: command not found
undecorated-error.spec.bash: line 132: a: command not found
undecorated-error.spec.bash: line 133: or: command not found
undecorated-error.spec.bash: line 126: ERRRETURNEXITevalsourcetry-catch-finallybash: command not found
undecorated-error.spec.bash: line 127: throw: command not found
undecorated-error.spec.bash: command substitution: line 135: unexpected EOF while looking for matching `''
undecorated-error.spec.bash: command substitution: line 136: syntax error: unexpected end of file
undecorated-error.spec.bash: line 133: ,: command not found
undecorated-error.spec.bash: line 134: into: command not found
undecorated-error.spec.bash: line 133: throw: command not found
undecorated-error.spec.bash: line 134: CommandStatus1Error:: command not found
undecorated-error.spec.bash: line 156: API: command not found
undecorated-error.spec.bash: command substitution: line 158: unexpected EOF while looking for matching `''
undecorated-error.spec.bash: command substitution: line 161: syntax error: unexpected end of file
undecorated-error.spec.bash: line 149: ][2]: command not found
undecorated-error.spec.bash: line 150: ----------------------------------------: command not found
undecorated-error.spec.bash: line 149: exceptions.bashbash: command not found
undecorated-error.spec.bash: line 16: ten-four: command not found
Traceback (most recent call last):
  File "undecorated-error.spec.bash", line 19
    alpha
  File "undecorated-error.spec.bash", line 4, in alpha
    beta -v2
  File "undecorated-error.spec.bash", line 8, in beta
    gamma -m "hello"
  File "undecorated-error.spec.bash", line 12, in gamma
    delta --diffstat
  File "undecorated-error.spec.bash", line 16, in delta
    ten-four @roger
UnknownStatus127Error: Command 'ten-four @roger' failed with status 127.

stdout
------


status
------
127
